C:\Users\andre\Google Диск\Java\My Projects\bodymechanic\src\main\java\com\lapin\bodymechanic\config\MvcConfig.java
C:\Users\andre\Google Диск\Java\My Projects\bodymechanic\src\main\java\com\lapin\bodymechanic\domain\User.java
C:\Users\andre\Google Диск\Java\My Projects\bodymechanic\src\main\java\com\lapin\bodymechanic\repository\MessageRepository.java
C:\Users\andre\Google Диск\Java\My Projects\bodymechanic\src\main\java\com\lapin\bodymechanic\domain\Message.java
C:\Users\andre\Google Диск\Java\My Projects\bodymechanic\src\main\java\com\lapin\bodymechanic\repository\UserRepository.java
C:\Users\andre\Google Диск\Java\My Projects\bodymechanic\src\main\java\com\lapin\bodymechanic\service\UserService.java
C:\Users\andre\Google Диск\Java\My Projects\bodymechanic\src\main\java\com\lapin\bodymechanic\controller\RegistrationController.java
C:\Users\andre\Google Диск\Java\My Projects\bodymechanic\src\main\java\com\lapin\bodymechanic\domain\Role.java
C:\Users\andre\Google Диск\Java\My Projects\bodymechanic\src\main\java\com\lapin\bodymechanic\config\WebSecurityConfig.java
C:\Users\andre\Google Диск\Java\My Projects\bodymechanic\src\main\java\com\lapin\bodymechanic\ServingWebContentApplication.java
C:\Users\andre\Google Диск\Java\My Projects\bodymechanic\src\main\java\com\lapin\bodymechanic\controller\MainController.java
